Microchip MPLAB XC8 Compiler V2.32

Linker command line:

-W-3 --edf=C:\Program Files\Microchip\xc8\v2.32\pic\dat\en_msgs.txt -cn \
  -h+dist/default/production\LabFinal.X.production.sym \
  --cmf=dist/default/production\LabFinal.X.production.cmf -z -Q18F2520 \
  -oC:\Users\User\AppData\Local\Temp\xcAsoo4.4 --defsym=__MPLAB_BUILD=1 \
  -Mdist/default/production/LabFinal.X.production.map -E1 -ver=XC8 Compiler \
  --acfsm=1493 -ASTACK=080h-05FFh -pstack=STACK -ACODE=00h-07FFFh \
  -ACONST=00h-07FFFh -ASMALLCONST=0600h-06FFhx122 \
  -AMEDIUMCONST=0600h-07FFFh -ACOMRAM=01h-07Fh -AABS1=00h-05FFh \
  -ABIGRAM=01h-05FFh -ARAM=080h-0FFh,0100h-01FFhx5 -ABANK0=080h-0FFh \
  -ABANK1=0100h-01FFh -ABANK2=0200h-02FFh -ABANK3=0300h-03FFh \
  -ABANK4=0400h-04FFh -ABANK5=0500h-05FFh -ASFR=0F80h-0FFFh \
  -ACONFIG=0300000h-030000Dh -AIDLOC=0200000h-0200007h \
  -AEEDATA=0F00000h-0F000FFh -peeprom_data=EEDATA \
  -preset_vec=00h,intcode,intcodelo,powerup,init -pramtop=0600h \
  -psmallconst=SMALLCONST -pmediumconst=MEDIUMCONST -pconst=CONST \
  -AFARRAM=00h-00h \
  -prdata=COMRAM,nvrram=COMRAM,nvbit=COMRAM,rbss=COMRAM,rbit=COMRAM \
  -pfarbss=FARRAM,fardata=FARRAM,nvFARRAM=FARRAM \
  -pintsave_regs=BIGRAM,bigbss=BIGRAM,bigdata=BIGRAM -pbss=RAM \
  -pidata=CODE,irdata=CODE,ibigdata=CODE,ifardata=CODE -prparam=COMRAM \
  C:\Users\User\AppData\Local\Temp\xcAsoo4.o \
  dist/default/production\LabFinal.X.production.o 

Object code version is 3.11

Machine type is 18F2520



                Name                               Link     Load   Length Selector   Space Scale
C:\Users\User\AppData\Local\Temp\xcAsoo4.o
                idloc                            200000   200000        8        0       5
                config                           300000   300000        E        0       4
                init                                  0        0        4        0       0
dist/default/production\LabFinal.X.production.o
                idloc                            200000   200000        8        0       5
                config                           300000   300000        E        0       4
                smallconst                          600      600       26      300       0
                text29                             19CE     19CE        A      313       0
                text28                             1524     1524       78      313       0
                text27                              AC2      AC2      234      313       0
                text26                             1610     1610       64      313       0
                text25                             105C     105C      16A      313       0
                text24                              874      874      24E      313       0
                text23                             192C     192C       2A      313       0
                text22                             1902     1902       2A      313       0
                text21                             17D2     17D2       4E      313       0
                text20                             11C6     11C6      136      313       0
                text19                              626      626      24E      313       0
                text18                             1862     1862       3E      313       0
                text17                             18A0     18A0       32      313       0
                text16                             18D2     18D2       30      313       0
                text15                             19E0     19E0        2      313       0
                text14                             1820     1820       42      313       0
                text13                             1674     1674       5A      313       0
                text12                             199A     199A       1E      313       0
                text11                             1956     1956       26      313       0
                text10                             13C0     13C0       B4      313       0
                text9                              12FC     12FC       C4      313       0
                text8                              1474     1474       B0      313       0
                text7                              197C     197C       1E      313       0
                text6                              159C     159C       74      313       0
                text5                              177C     177C       56      313       0
                text4                              16CE     16CE       58      313       0
                text3                              1726     1726       56      313       0
                text2                               EF0      EF0      16C      313       0
                text1                              19D8     19D8        8      313       0
                text0                               CF6      CF6      1FA      313       0
                cstackCOMRAM                         19       19       18        1       1
                bssCOMRAM                             1        1       18        1       1
                cinit                              19B8     19B8       16      313       0

TOTAL           Name                               Link     Load   Length     Space
        CLASS   STACK          

        CLASS   CODE           
                init                                  0        0        4         0
                text29                             19CE     19CE        A         0
                text28                             1524     1524       78         0
                text27                              AC2      AC2      234         0
                text26                             1610     1610       64         0
                text25                             105C     105C      16A         0
                text24                              874      874      24E         0
                text23                             192C     192C       2A         0
                text22                             1902     1902       2A         0
                text21                             17D2     17D2       4E         0
                text20                             11C6     11C6      136         0
                text19                              626      626      24E         0
                text18                             1862     1862       3E         0
                text17                             18A0     18A0       32         0
                text16                             18D2     18D2       30         0
                text15                             19E0     19E0        2         0
                text14                             1820     1820       42         0
                text13                             1674     1674       5A         0
                text12                             199A     199A       1E         0
                text11                             1956     1956       26         0
                text10                             13C0     13C0       B4         0
                text9                              12FC     12FC       C4         0
                text8                              1474     1474       B0         0
                text7                              197C     197C       1E         0
                text6                              159C     159C       74         0
                text5                              177C     177C       56         0
                text4                              16CE     16CE       58         0
                text3                              1726     1726       56         0
                text2                               EF0      EF0      16C         0
                text1                              19D8     19D8        8         0
                text0                               CF6      CF6      1FA         0
                cinit                              19B8     19B8       16         0

        CLASS   CONST          

        CLASS   SMALLCONST     
                smallconst                          600      600       26         0

        CLASS   MEDIUMCONST    

        CLASS   COMRAM         
                cstackCOMRAM                         19       19       18         1
                bssCOMRAM                             1        1       18         1

        CLASS   ABS1           

        CLASS   BIGRAM         

        CLASS   RAM            

        CLASS   BANK0          

        CLASS   BANK1          

        CLASS   BANK2          

        CLASS   BANK3          

        CLASS   BANK4          

        CLASS   BANK5          

        CLASS   SFR            

        CLASS   CONFIG         
                config                           300000   300000        E         4

        CLASS   IDLOC          
                idloc                            200000   200000        8         5

        CLASS   EEDATA         

        CLASS   FARRAM         



SEGMENTS        Name                           Load    Length   Top    Selector   Space  Class

                reset_vec                      000000  000004  000004         0       0  CODE    
                bssCOMRAM                      000001  000030  000031         1       1  COMRAM  
                smallconst                     000600  000026  000626       300       0  SMALLCON
                text19                         000626  0013BC  0019E2       313       0  CODE    


UNUSED ADDRESS RANGES

        Name                Unused          Largest block    Delta
        BANK0            000080-0000FF               80
        BANK1            000100-0001FF              100
        BANK2            000200-0002FF              100
        BANK3            000300-0003FF              100
        BANK4            000400-0004FF              100
        BANK5            000500-0005FF              100
        BIGRAM           000031-0005FF              5CF
        CODE             000004-0005FF              5FC
                         0019E2-007FFF             661E
        COMRAM           000031-00007F               4F
        CONST            000004-0005FF              5FC
                         0019E2-007FFF             661E
        EEDATA           F00000-F000FF              100
        MEDIUMCONST      0019E2-007FFF             661E
        RAM              000080-0005FF              100
        SFR              000F80-000FFF               80
        SMALLCONST       0019E2-007FFF              100
        STACK            000080-0005FF              580

                                  Symbol Table

?___awdiv                cstackCOMRAM 000019
?___awmod                cstackCOMRAM 000021
?_digitalRead            cstackCOMRAM 000019
?_kpRead                 cstackCOMRAM 000019
_ADCON1                  (abs)        000FC1
_INTCON                  (abs)        000FF2
_LeTeclado               text27       000AC2
_PORTA                   (abs)        000F80
_PORTB                   (abs)        000F81
_PORTC                   (abs)        000F82
_PORTD                   (abs)        000F83
_PORTE                   (abs)        000F84
_PulseClockData          text23       00192C
_PulseEnClock            text22       001902
_T0CON                   (abs)        000FD5
_TMR0H                   (abs)        000FD7
_TMR0L                   (abs)        000FD6
_TRISA                   (abs)        000F92
_TRISB                   (abs)        000F93
_TRISC                   (abs)        000F94
_TRISD                   (abs)        000F95
_TRISE                   (abs)        000F96
__HRAM                   (abs)        000000
__Habs1                  abs1         000000
__Hbank0                 bank0        000000
__Hbank1                 bank1        000000
__Hbank2                 bank2        000000
__Hbank3                 bank3        000000
__Hbank4                 bank4        000000
__Hbank5                 bank5        000000
__Hbigbss                bigbss       000000
__Hbigdata               bigdata      000000
__Hbigram                bigram       000000
__Hbss                   bss          000000
__HbssCOMRAM             bssCOMRAM    000000
__Hcinit                 cinit        000000
__Hclrtext               clrtext      000000
__Hcomram                comram       000000
__Hconfig                config       30000E
__Hconst                 const        000000
__HcstackCOMRAM          cstackCOMRAM 000000
__Hdata                  data         000000
__Heeprom_data           eeprom_data  000000
__Hfarbss                farbss       000000
__Hfardata               fardata      000000
__Hibigdata              ibigdata     000000
__Hidata                 idata        000000
__Hidloc                 idloc        200008
__Hifardata              ifardata     000000
__Hinit                  init         000004
__Hintcode               intcode      000000
__Hintcode_body          intcode_body 000000
__Hintcodelo             intcodelo    000000
__Hintentry              intentry     000000
__Hintret                intret       000000
__Hintsave_regs          intsave_regs 000000
__Hirdata                irdata       000000
__Hmediumconst           mediumconst  000000
__HnvFARRAM              nvFARRAM     000000
__Hnvbit                 nvbit        000000
__Hnvrram                nvrram       000000
__Hparam                 rparam       000000
__Hpowerup               powerup      000000
__Hram                   ram          000000
__Hramtop                ramtop       000600
__Hrbit                  rbit         000000
__Hrbss                  rbss         000000
__Hrdata                 rdata        000000
__Hreset_vec             reset_vec    000000
__Hrparam                rparam       000000
__Hsfr                   sfr          000000
__Hsmallconst            smallconst   000626
__Hspace_0               (abs)        0019E2
__Hspace_1               (abs)        000031
__Hspace_2               (abs)        000000
__Hspace_4               (abs)        60000E
__Hstack                 stack        000000
__Hstruct                struct       000000
__Htemp                  temp         000000
__Htext                  text         000000
__Htext0                 text0        000000
__Htext1                 text1        000000
__Htext10                text10       000000
__Htext11                text11       000000
__Htext12                text12       000000
__Htext13                text13       000000
__Htext14                text14       000000
__Htext15                text15       000000
__Htext16                text16       000000
__Htext17                text17       000000
__Htext18                text18       000000
__Htext19                text19       000000
__Htext2                 text2        000000
__Htext20                text20       000000
__Htext21                text21       000000
__Htext22                text22       000000
__Htext23                text23       000000
__Htext24                text24       000000
__Htext25                text25       000000
__Htext26                text26       000000
__Htext27                text27       000000
__Htext28                text28       000000
__Htext29                text29       000000
__Htext3                 text3        000000
__Htext4                 text4        000000
__Htext5                 text5        000000
__Htext6                 text6        000000
__Htext7                 text7        000000
__Htext8                 text8        000000
__Htext9                 text9        000000
__LRAM                   (abs)        000001
__Labs1                  abs1         000000
__Lbank0                 bank0        000000
__Lbank1                 bank1        000000
__Lbank2                 bank2        000000
__Lbank3                 bank3        000000
__Lbank4                 bank4        000000
__Lbank5                 bank5        000000
__Lbigbss                bigbss       000000
__Lbigdata               bigdata      000000
__Lbigram                bigram       000000
__Lbss                   bss          000000
__LbssCOMRAM             bssCOMRAM    000000
__Lcinit                 cinit        000000
__Lclrtext               clrtext      000000
__Lcomram                comram       000000
__Lconfig                config       000000
__Lconst                 const        000000
__LcstackCOMRAM          cstackCOMRAM 000000
__Ldata                  data         000000
__Leeprom_data           eeprom_data  000000
__Lfarbss                farbss       000000
__Lfardata               fardata      000000
__Libigdata              ibigdata     000000
__Lidata                 idata        000000
__Lidloc                 idloc        000000
__Lifardata              ifardata     000000
__Linit                  init         000000
__Lintcode               intcode      000000
__Lintcode_body          intcode_body 000000
__Lintcodelo             intcodelo    000000
__Lintentry              intentry     000000
__Lintret                intret       000000
__Lintsave_regs          intsave_regs 000000
__Lirdata                irdata       000000
__Lmediumconst           mediumconst  000000
__LnvFARRAM              nvFARRAM     000000
__Lnvbit                 nvbit        000000
__Lnvrram                nvrram       000000
__Lparam                 rparam       000000
__Lpowerup               powerup      000000
__Lram                   ram          000000
__Lramtop                ramtop       000600
__Lrbit                  rbit         000000
__Lrbss                  rbss         000000
__Lrdata                 rdata        000000
__Lreset_vec             reset_vec    000000
__Lrparam                rparam       000000
__Lsfr                   sfr          000000
__Lsmallconst            smallconst   000600
__Lspace_0               (abs)        000000
__Lspace_1               (abs)        000000
__Lspace_2               (abs)        000000
__Lspace_4               (abs)        000000
__Lstack                 stack        000000
__Lstruct                struct       000000
__Ltemp                  temp         000000
__Ltext                  text         000000
__Ltext0                 text0        000000
__Ltext1                 text1        000000
__Ltext10                text10       000000
__Ltext11                text11       000000
__Ltext12                text12       000000
__Ltext13                text13       000000
__Ltext14                text14       000000
__Ltext15                text15       000000
__Ltext16                text16       000000
__Ltext17                text17       000000
__Ltext18                text18       000000
__Ltext19                text19       000000
__Ltext2                 text2        000000
__Ltext20                text20       000000
__Ltext21                text21       000000
__Ltext22                text22       000000
__Ltext23                text23       000000
__Ltext24                text24       000000
__Ltext25                text25       000000
__Ltext26                text26       000000
__Ltext27                text27       000000
__Ltext28                text28       000000
__Ltext29                text29       000000
__Ltext3                 text3        000000
__Ltext4                 text4        000000
__Ltext5                 text5        000000
__Ltext6                 text6        000000
__Ltext7                 text7        000000
__Ltext8                 text8        000000
__Ltext9                 text9        000000
__S0                     (abs)        0019E2
__S1                     (abs)        000031
__S2                     (abs)        000000
__S4                     (abs)        000000
__S5                     (abs)        000000
___awdiv                 text9        0012FC
___awdiv@counter         cstackCOMRAM 00001D
___awdiv@dividend        cstackCOMRAM 000019
___awdiv@divisor         cstackCOMRAM 00001B
___awdiv@quotient        cstackCOMRAM 00001F
___awdiv@sign            cstackCOMRAM 00001E
___awmod                 text8        001474
___awmod@counter         cstackCOMRAM 000025
___awmod@dividend        cstackCOMRAM 000021
___awmod@divisor         cstackCOMRAM 000023
___awmod@sign            cstackCOMRAM 000026
___inthi_sp              stack        000000
___intlo_sp              stack        000000
___param_bank            (abs)        000000
___rparam_used           (abs)        000001
___sp                    stack        000000
__accesstop              (abs)        000080
__activetblptr           (abs)        000002
__end_of_LeTeclado       text27       000CF6
__end_of_PulseClockData  text23       001956
__end_of_PulseEnClock    text22       00192C
__end_of___awdiv         text9        0013C0
__end_of___awmod         text8        001524
__end_of__initialization cinit        0019C4
__end_of_atraso_ms       text26       001674
__end_of_charKey         smallconst   00061B
__end_of_delayMicro      text15       0019E2
__end_of_delayMili       text16       001902
__end_of_digitalRead     text25       0011C6
__end_of_digitalWrite    text24       000AC2
__end_of_kpDebounce      text20       0012FC
__end_of_kpInit          text17       0018D2
__end_of_kpRead          text29       0019D8
__end_of_kpReadKey       text28       00159C
__end_of_lcdChar         text7        00199A
__end_of_lcdCommand      text12       0019B8
__end_of_lcdInit         text10       001474
__end_of_lcdNumber       text6        001610
__end_of_lcdString       text5        0017D2
__end_of_main            text0        000EF0
__end_of_pinMode         text19       000874
__end_of_pulseEnablePin  text14       001862
__end_of_pushByte        text13       0016CE
__end_of_pushNibble      text11       00197C
__end_of_soInit          text18       0018A0
__end_of_soWrite         text21       001820
__end_of_ssdDigit        text4        001726
__end_of_ssdInit         text3        00177C
__end_of_ssdUpdate       text2        00105C
__end_of_timerInit       text1        0019E0
__end_of_valor           smallconst   000611
__initialization         cinit        0019B8
__mediumconst            mediumconst  000000
__pbssCOMRAM             bssCOMRAM    000001
__pcinit                 cinit        0019B8
__pcstackCOMRAM          cstackCOMRAM 000019
__psmallconst            smallconst   000600
__ptext0                 text0        000CF6
__ptext1                 text1        0019D8
__ptext10                text10       0013C0
__ptext11                text11       001956
__ptext12                text12       00199A
__ptext13                text13       001674
__ptext14                text14       001820
__ptext15                text15       0019E0
__ptext16                text16       0018D2
__ptext17                text17       0018A0
__ptext18                text18       001862
__ptext19                text19       000626
__ptext2                 text2        000EF0
__ptext20                text20       0011C6
__ptext21                text21       0017D2
__ptext22                text22       001902
__ptext23                text23       00192C
__ptext24                text24       000874
__ptext25                text25       00105C
__ptext26                text26       001610
__ptext27                text27       000AC2
__ptext28                text28       001524
__ptext29                text29       0019CE
__ptext3                 text3        001726
__ptext4                 text4        0016CE
__ptext5                 text5        00177C
__ptext6                 text6        00159C
__ptext7                 text7        00197C
__ptext8                 text8        001474
__ptext9                 text9        0012FC
__ramtop                 ramtop       000600
__size_of_LeTeclado      (abs)        000000
__size_of_PulseClockData (abs)        000000
__size_of_PulseEnClock   (abs)        000000
__size_of___awdiv        (abs)        000000
__size_of___awmod        (abs)        000000
__size_of_atraso_ms      (abs)        000000
__size_of_delayMicro     (abs)        000000
__size_of_delayMili      (abs)        000000
__size_of_digitalRead    (abs)        000000
__size_of_digitalWrite   (abs)        000000
__size_of_kpDebounce     (abs)        000000
__size_of_kpInit         (abs)        000000
__size_of_kpRead         (abs)        000000
__size_of_kpReadKey      (abs)        000000
__size_of_lcdChar        (abs)        000000
__size_of_lcdCommand     (abs)        000000
__size_of_lcdInit        (abs)        000000
__size_of_lcdNumber      (abs)        000000
__size_of_lcdString      (abs)        000000
__size_of_main           (abs)        000000
__size_of_pinMode        (abs)        000000
__size_of_pulseEnablePin (abs)        000000
__size_of_pushByte       (abs)        000000
__size_of_pushNibble     (abs)        000000
__size_of_soInit         (abs)        000000
__size_of_soWrite        (abs)        000000
__size_of_ssdDigit       (abs)        000000
__size_of_ssdInit        (abs)        000000
__size_of_ssdUpdate      (abs)        000000
__size_of_timerInit      (abs)        000000
__smallconst             smallconst   000600
_alt                     bssCOMRAM    000009
_atraso_ms               text26       001610
_charKey                 smallconst   000611
_delayMicro              text15       0019E0
_delayMili               text16       0018D2
_digitalRead             text25       00105C
_digitalWrite            text24       000874
_display                 bssCOMRAM    000013
_estado                  bssCOMRAM    000017
_falha                   bssCOMRAM    000016
_keys                    bssCOMRAM    000005
_kpDebounce              text20       0011C6
_kpInit                  text17       0018A0
_kpRead                  text29       0019CE
_kpReadKey               text28       001524
_lcdChar                 text7        00197C
_lcdCommand              text12       00199A
_lcdInit                 text10       0013C0
_lcdNumber               text6        00159C
_lcdString               text5        00177C
_leitura                 bssCOMRAM    00000D
_main                    text0        000CF6
_pinMode                 text19       000626
_pulseEnablePin          text14       001820
_pushByte                text13       001674
_pushNibble              text11       001956
_soInit                  text18       001862
_soWrite                 text21       0017D2
_ssdDigit                text4        0016CE
_ssdInit                 text3        001726
_ssdUpdate               text2        000EF0
_started                 bssCOMRAM    000015
_tempo                   bssCOMRAM    00000B
_timerInit               text1        0019D8
_v0                      bssCOMRAM    000018
_v0@ssd$F459             bssCOMRAM    000012
_v1                      bssCOMRAM    000011
_v2                      bssCOMRAM    000010
_v3                      bssCOMRAM    00000F
_valor                   smallconst   000601
_vel                     bssCOMRAM    000007
atraso_ms@i              cstackCOMRAM 00001B
atraso_ms@j              cstackCOMRAM 00001D
atraso_ms@k              cstackCOMRAM 00001E
atraso_ms@num            cstackCOMRAM 000019
delayMicro@a             cstackCOMRAM 000019
delayMili@a              cstackCOMRAM 000019
delayMili@i              cstackCOMRAM 00001C
digitalRead@pin          cstackCOMRAM 000019
digitalWrite@pin         cstackCOMRAM 000019
digitalWrite@value       cstackCOMRAM 00001B
end_of_initialization    cinit        0019C4
intlevel0                text         000000
intlevel1                text         000000
intlevel2                text         000000
intlevel3                text         000000
isa$std                  (abs)        000001
isa$xinst                (abs)        000000
kpDebounce@i             cstackCOMRAM 000025
kpDebounce@newRead       bssCOMRAM    000003
kpDebounce@oldRead       bssCOMRAM    000001
kpDebounce@tempo         bssCOMRAM    000014
kpReadKey@i              cstackCOMRAM 00001C
lcdChar@value            cstackCOMRAM 000026
lcdCommand@value         cstackCOMRAM 000026
lcdNumber@i              cstackCOMRAM 000029
lcdNumber@value          cstackCOMRAM 000027
lcdString@i              cstackCOMRAM 00002B
lcdString@msg            cstackCOMRAM 000027
main@x                   cstackCOMRAM 00002F
pinMode@pin              cstackCOMRAM 000019
pinMode@type             cstackCOMRAM 00001B
pushByte@rs              cstackCOMRAM 000022
pushByte@value           cstackCOMRAM 000025
pushNibble@rs            cstackCOMRAM 000022
pushNibble@value         cstackCOMRAM 000024
soWrite@i                cstackCOMRAM 000021
soWrite@value            cstackCOMRAM 00001F
ssdDigit@pos             cstackCOMRAM 000019
ssdDigit@val             cstackCOMRAM 00001A
stackhi                  (abs)        0005FF
stacklo                  (abs)        000080
start                    init         000000
start_initialization     cinit        0019B8


MODULE INFORMATION

Module		Function		Class		Link	Load	Size
ssd.c
		_ssdInit       		CODE           	1726	0000	86
		_ssdDigit      		CODE           	16CE	0000	88
		_ssdUpdate     		CODE           	0EF0	0000	364

ssd.c estimated size: 538

C:\Program Files\Microchip\xc8\v2.32\pic\sources\c99\common\awdiv.c
		___awdiv       		CODE           	12FC	0000	196

C:\Program Files\Microchip\xc8\v2.32\pic\sources\c99\common\awdiv.c estimated size: 196

keypad.c
		_kpInit        		CODE           	18A0	0000	50
		_kpReadKey     		CODE           	1524	0000	120
		_kpDebounce    		CODE           	11C6	0000	310
		_kpRead        		CODE           	19CE	0000	10

keypad.c estimated size: 490

so.c
		_soInit        		CODE           	1862	0000	62
		_soWrite       		CODE           	17D2	0000	78
		_PulseEnClock  		CODE           	1902	0000	42
		_PulseClockData		CODE           	192C	0000	42

so.c estimated size: 224

io.c
		_digitalRead   		CODE           	105C	0000	362
		_digitalWrite  		CODE           	0874	0000	590
		_pinMode       		CODE           	0626	0000	590

io.c estimated size: 1542

timer.c
		_timerInit     		CODE           	19D8	0000	8

timer.c estimated size: 8

atraso.c
		_atraso_ms     		CODE           	1610	0000	100

atraso.c estimated size: 100

shared
		_valor         		SMALLCONST     	0601	0000	16
		_charKey       		SMALLCONST     	0611	0000	10
		__initialization		CODE           	19B8	0000	12

shared estimated size: 38

C:\Program Files\Microchip\xc8\v2.32\pic\sources\c99\common\awmod.c
		___awmod       		CODE           	1474	0000	176

C:\Program Files\Microchip\xc8\v2.32\pic\sources\c99\common\awmod.c estimated size: 176

lcd.c
		_lcdCommand    		CODE           	199A	0000	30
		_lcdChar       		CODE           	197C	0000	30
		_lcdString     		CODE           	177C	0000	86
		_pulseEnablePin		CODE           	1820	0000	66
		_lcdNumber     		CODE           	159C	0000	116
		_pushByte      		CODE           	1674	0000	90
		_pushNibble    		CODE           	1956	0000	38
		_lcdInit       		CODE           	13C0	0000	180
		_delayMili     		CODE           	18D2	0000	48
		_delayMicro    		CODE           	19E0	0000	2

lcd.c estimated size: 686

main.c
		_LeTeclado     		CODE           	0AC2	0000	564
		_main          		CODE           	0CF6	0000	506

main.c estimated size: 1070

